core_cm7.h:2427:22:SCB_CleanInvalidateDCache	24	static,ignoring_inline_asm
core_cm7.h:2464:22:SCB_InvalidateDCache_by_Addr	32	static,ignoring_inline_asm
ethernetif.c:134:6:HAL_ETH_MspInit	64	static
ethernetif.c:206:6:HAL_ETH_MspDeInit	16	static
ethernetif.c:251:6:HAL_ETH_RxCpltCallback	16	static
ethernetif.c:270:13:low_level_init	168	static
ethernetif.c:423:14:low_level_output	80	static
ethernetif.c:471:22:low_level_input	48	static
ethernetif.c:510:6:ethernetif_input	24	static
ethernetif.c:575:7:ethernetif_init	16	static
ethernetif.c:619:6:pbuf_free_custom	24	static
ethernetif.c:639:7:sys_jiffies	8	static
ethernetif.c:650:7:sys_now	8	static
ethernetif.c:665:9:ETH_PHY_IO_Init	8	static
ethernetif.c:682:9:ETH_PHY_IO_DeInit	4	static
ethernetif.c:694:9:ETH_PHY_IO_ReadReg	24	static
ethernetif.c:711:9:ETH_PHY_IO_WriteReg	24	static
ethernetif.c:725:9:ETH_PHY_IO_GetTick	8	static
ethernetif.c:735:6:ethernet_link_thread	136	static
